<?xml version="1.0" encoding="utf-8"?>
<TestRun id="709c0084-27af-4711-afac-85089241dfa7" name="coxte@RAINPC 2026-07-10 12:38:26" runUser="RAINPC\coxte" xmlns="http://microsoft.com/schemas/VisualStudio/TeamTest/2010">
  <Times creation="2026-07-10T12:38:26.5206535+08:00" queuing="2026-07-10T12:38:26.5206535+08:00" start="2026-07-10T12:38:25.1066353+08:00" finish="2026-07-10T12:38:26.5407026+08:00" />
  <TestSettings name="default" id="74c4d0d4-e30a-4e10-acc8-d85f31008dac">
    <Deployment runDeploymentRoot="coxte_RAINPC_2026-07-10_12_38_26" />
  </TestSettings>
  <Results>
    <UnitTestResult executionId="2897b39c-8d39-428a-b83b-b55b87cdd0b1" testId="88db5751-0ffc-21a1-d2c8-96cead94d5ad" testName="ScrollController_NestedType_Is_Extracted" computerName="RAINPC" duration="00:00:00.0010000" startTime="2026-07-10T12:38:26.3979921+08:00" endTime="2026-07-10T12:38:26.3989982+08:00" testType="13cdc9d9-ddb5-4fa4-a97d-d965ccfc6d4b" outcome="Failed" testListId="8c84fa94-04c1-424b-9868-57a2d4851a1d" relativeResultsDirectory="2897b39c-8d39-428a-b83b-b55b87cdd0b1">
      <Output>
        <ErrorInfo>
          <Message>  ScrollController nested controller must be extracted from DropDownMenuReorderable&#xD;
  Expected: not null&#xD;
  But was:  null&#xD;
</Message>
          <StackTrace>   在 QTTtabBarTests.ArchitectureBatch8ScrollControllerTests.ScrollController_NestedType_Is_Extracted() 位置 D:\Project\QTTabBar-Next\Tests\QTTtabBarTests\ArchitectureBatch8ScrollControllerTests.cs:行号 30&#xD;

1)    在 QTTtabBarTests.ArchitectureBatch8ScrollControllerTests.ScrollController_NestedType_Is_Extracted() 位置 D:\Project\QTTabBar-Next\Tests\QTTtabBarTests\ArchitectureBatch8ScrollControllerTests.cs:行号 30&#xD;

</StackTrace>
        </ErrorInfo>
      </Output>
    </UnitTestResult>
    <UnitTestResult executionId="f88c99b8-58c2-4c92-b4ce-d6c512cf4cab" testId="fca0d50b-8871-ff6c-2843-689850e8a8be" testName="ScrollController_Holds_Owner_BackReference" computerName="RAINPC" duration="00:00:00.0010000" startTime="2026-07-10T12:38:26.3973619+08:00" endTime="2026-07-10T12:38:26.3979921+08:00" testType="13cdc9d9-ddb5-4fa4-a97d-d965ccfc6d4b" outcome="Failed" testListId="8c84fa94-04c1-424b-9868-57a2d4851a1d" relativeResultsDirectory="f88c99b8-58c2-4c92-b4ce-d6c512cf4cab">
      <Output>
        <ErrorInfo>
          <Message>  ScrollController must exist&#xD;
  Expected: not null&#xD;
  But was:  null&#xD;
</Message>
          <StackTrace>   在 QTTtabBarTests.ArchitectureBatch8ScrollControllerTests.ScrollController_Holds_Owner_BackReference() 位置 D:\Project\QTTabBar-Next\Tests\QTTtabBarTests\ArchitectureBatch8ScrollControllerTests.cs:行号 37&#xD;

1)    在 QTTtabBarTests.ArchitectureBatch8ScrollControllerTests.ScrollController_Holds_Owner_BackReference() 位置 D:\Project\QTTabBar-Next\Tests\QTTtabBarTests\ArchitectureBatch8ScrollControllerTests.cs:行号 37&#xD;

</StackTrace>
        </ErrorInfo>
      </Output>
    </UnitTestResult>
    <UnitTestResult executionId="dbf173de-bd3a-4c0c-b3d1-d786c3a5f847" testId="34c3ab9f-8c4c-8eb3-7075-5e0a8e5782b6" testName="DropDownMenuReorderable_Delegates_Scroll_To_Controller" computerName="RAINPC" duration="00:00:00.0540000" startTime="2026-07-10T12:38:26.3380594+08:00" endTime="2026-07-10T12:38:26.3918585+08:00" testType="13cdc9d9-ddb5-4fa4-a97d-d965ccfc6d4b" outcome="Failed" testListId="8c84fa94-04c1-424b-9868-57a2d4851a1d" relativeResultsDirectory="dbf173de-bd3a-4c0c-b3d1-d786c3a5f847">
      <Output>
        <ErrorInfo>
          <Message>  DropDownMenuReorderable should declare and use the extracted ScrollController&#xD;
  Expected: True&#xD;
  But was:  False&#xD;
</Message>
          <StackTrace>   在 QTTtabBarTests.ArchitectureBatch8ScrollControllerTests.DropDownMenuReorderable_Delegates_Scroll_To_Controller() 位置 D:\Project\QTTabBar-Next\Tests\QTTtabBarTests\ArchitectureBatch8ScrollControllerTests.cs:行号 62&#xD;

1)    在 QTTtabBarTests.ArchitectureBatch8ScrollControllerTests.DropDownMenuReorderable_Delegates_Scroll_To_Controller() 位置 D:\Project\QTTabBar-Next\Tests\QTTtabBarTests\ArchitectureBatch8ScrollControllerTests.cs:行号 62&#xD;

</StackTrace>
        </ErrorInfo>
      </Output>
    </UnitTestResult>
    <UnitTestResult executionId="1cb11f55-c849-4e51-bee1-0b68613e8bbe" testId="bb480426-c87c-6eb1-3523-9ab709475638" testName="Scroll_Methods_Moved_Into_Controller" computerName="RAINPC" duration="00:00:00.0040000" startTime="2026-07-10T12:38:26.3928578+08:00" endTime="2026-07-10T12:38:26.3973619+08:00" testType="13cdc9d9-ddb5-4fa4-a97d-d965ccfc6d4b" outcome="Failed" testListId="8c84fa94-04c1-424b-9868-57a2d4851a1d" relativeResultsDirectory="1cb11f55-c849-4e51-bee1-0b68613e8bbe">
      <Output>
        <ErrorInfo>
          <Message>  ScrollController must exist&#xD;
  Expected: not null&#xD;
  But was:  null&#xD;
</Message>
          <StackTrace>   在 QTTtabBarTests.ArchitectureBatch8ScrollControllerTests.Scroll_Methods_Moved_Into_Controller() 位置 D:\Project\QTTabBar-Next\Tests\QTTtabBarTests\ArchitectureBatch8ScrollControllerTests.cs:行号 47&#xD;

1)    在 QTTtabBarTests.ArchitectureBatch8ScrollControllerTests.Scroll_Methods_Moved_Into_Controller() 位置 D:\Project\QTTabBar-Next\Tests\QTTtabBarTests\ArchitectureBatch8ScrollControllerTests.cs:行号 47&#xD;

</StackTrace>
        </ErrorInfo>
      </Output>
    </UnitTestResult>
  </Results>
  <TestDefinitions>
    <UnitTest name="DropDownMenuReorderable_Delegates_Scroll_To_Controller" storage="d:\project\qttabbar-next\tests\qtttabbartests\bin\debug\net48\qtttabbartests.dll" id="34c3ab9f-8c4c-8eb3-7075-5e0a8e5782b6">
      <Execution id="dbf173de-bd3a-4c0c-b3d1-d786c3a5f847" />
      <TestMethod codeBase="D:\Project\QTTabBar-Next\Tests\QTTtabBarTests\bin\Debug\net48\QTTtabBarTests.dll" adapterTypeName="executor://nunit3testexecutor/" className="QTTtabBarTests.ArchitectureBatch8ScrollControllerTests" name="DropDownMenuReorderable_Delegates_Scroll_To_Controller" />
    </UnitTest>
    <UnitTest name="Scroll_Methods_Moved_Into_Controller" storage="d:\project\qttabbar-next\tests\qtttabbartests\bin\debug\net48\qtttabbartests.dll" id="bb480426-c87c-6eb1-3523-9ab709475638">
      <Execution id="1cb11f55-c849-4e51-bee1-0b68613e8bbe" />
      <TestMethod codeBase="D:\Project\QTTabBar-Next\Tests\QTTtabBarTests\bin\Debug\net48\QTTtabBarTests.dll" adapterTypeName="executor://nunit3testexecutor/" className="QTTtabBarTests.ArchitectureBatch8ScrollControllerTests" name="Scroll_Methods_Moved_Into_Controller" />
    </UnitTest>
    <UnitTest name="ScrollController_NestedType_Is_Extracted" storage="d:\project\qttabbar-next\tests\qtttabbartests\bin\debug\net48\qtttabbartests.dll" id="88db5751-0ffc-21a1-d2c8-96cead94d5ad">
      <Execution id="2897b39c-8d39-428a-b83b-b55b87cdd0b1" />
      <TestMethod codeBase="D:\Project\QTTabBar-Next\Tests\QTTtabBarTests\bin\Debug\net48\QTTtabBarTests.dll" adapterTypeName="executor://nunit3testexecutor/" className="QTTtabBarTests.ArchitectureBatch8ScrollControllerTests" name="ScrollController_NestedType_Is_Extracted" />
    </UnitTest>
    <UnitTest name="ScrollController_Holds_Owner_BackReference" storage="d:\project\qttabbar-next\tests\qtttabbartests\bin\debug\net48\qtttabbartests.dll" id="fca0d50b-8871-ff6c-2843-689850e8a8be">
      <Execution id="f88c99b8-58c2-4c92-b4ce-d6c512cf4cab" />
      <TestMethod codeBase="D:\Project\QTTabBar-Next\Tests\QTTtabBarTests\bin\Debug\net48\QTTtabBarTests.dll" adapterTypeName="executor://nunit3testexecutor/" className="QTTtabBarTests.ArchitectureBatch8ScrollControllerTests" name="ScrollController_Holds_Owner_BackReference" />
    </UnitTest>
  </TestDefinitions>
  <TestEntries>
    <TestEntry testId="88db5751-0ffc-21a1-d2c8-96cead94d5ad" executionId="2897b39c-8d39-428a-b83b-b55b87cdd0b1" testListId="8c84fa94-04c1-424b-9868-57a2d4851a1d" />
    <TestEntry testId="fca0d50b-8871-ff6c-2843-689850e8a8be" executionId="f88c99b8-58c2-4c92-b4ce-d6c512cf4cab" testListId="8c84fa94-04c1-424b-9868-57a2d4851a1d" />
    <TestEntry testId="34c3ab9f-8c4c-8eb3-7075-5e0a8e5782b6" executionId="dbf173de-bd3a-4c0c-b3d1-d786c3a5f847" testListId="8c84fa94-04c1-424b-9868-57a2d4851a1d" />
    <TestEntry testId="bb480426-c87c-6eb1-3523-9ab709475638" executionId="1cb11f55-c849-4e51-bee1-0b68613e8bbe" testListId="8c84fa94-04c1-424b-9868-57a2d4851a1d" />
  </TestEntries>
  <TestLists>
    <TestList name="列表中未列出的结果" id="8c84fa94-04c1-424b-9868-57a2d4851a1d" />
    <TestList name="所有已加载的结果" id="19431567-8539-422a-85d7-44ee4e166bda" />
  </TestLists>
  <ResultSummary outcome="Failed">
    <Counters total="4" executed="4" passed="0" failed="4" error="0" timeout="0" aborted="0" inconclusive="0" passedButRunAborted="0" notRunnable="0" notExecuted="0" disconnected="0" warning="0" completed="0" inProgress="0" pending="0" />
    <Output>
      <StdOut>NUnit Adapter 4.5.0.0: Test execution started&#xD;
Running selected tests in D:\Project\QTTabBar-Next\Tests\QTTtabBarTests\bin\Debug\net48\QTTtabBarTests.dll&#xD;
   NUnit3TestExecutor discovered 4 of 4 NUnit test cases using Current Discovery mode, Non-Explicit run&#xD;
NUnit Adapter 4.5.0.0: Test execution complete&#xD;
</StdOut>
    </Output>
  </ResultSummary>
</TestRun>